// Jest Snapshot v1, https://goo.gl/fbAQLP

exports[`renders homepage unchanged 1`] = `
<DocumentFragment>
  <div
    class="md-container container"
  >
    <div
      class="container"
    >
      <h1>
         Welcome to Astro! 
      </h1>
      <p>
         Get started! 
      </p>
      <div>
        <h1>
          Count: 
          <span>
            0
          </span>
        </h1>
        <button
          class="btn btn-primary"
          type="button"
        >
          +1
        </button>
        <button
          class="btn btn-primary"
          type="button"
        >
          -1
        </button>
        <button
          class="btn btn-primary"
          type="button"
        >
          Reset
        </button>
      </div>
    </div>
  </div>
</DocumentFragment>
`;
